<http://www.w3.org/People/Eric/ericP-foaf.rdf#ericP> <http://xmlns.com/foaf/0.1/givenName> "Eric" .
