<http://www.w3.org/2001/sw/DataAccess/df1/tests/test-hjs-1.ttl>     <http://xmlns.com/foaf/0.1/name> "A test" .
    
