<http://www.w3.org/2010/01/Turtle/tests/prefix1.ttl> <http://www.w3.org/1999/02/22-rdf-syntax-ns#type> <http://www.w3.org/2001/sw/DataAccess/tests/test-manifest#PositiveSyntaxTest> .
